sql
	statement
		select
			value
				primary
					numeric: 1
	union all
	statement
		select
			value
				primary
					numeric: 2
