sql
	statement
		select
			value
				primary
					numeric: 11
	union
	statement
		select
			value
				primary
					numeric: 2
